WARNING: No global SMTP providers configured. Add BREVO_SMTP_*, AWS_SES_SMTP_*, or SENDGRID_SMTP_* env vars.
Error: read ECONNRESET
    at TCP.onStreamRead (node:internal/stream_base_commons:217:20) {
  errno: -4077,
  code: 'ECONNRESET',
  syscall: 'read'
}
Email queue error: read ECONNRESET
Error: read ECONNRESET
    at TCP.onStreamRead (node:internal/stream_base_commons:217:20) {
  errno: -4077,
  code: 'ECONNRESET',
  syscall: 'read'
}
Email queue error: read ECONNRESET
Error: read ECONNRESET
    at TCP.onStreamRead (node:internal/stream_base_commons:217:20) {
  errno: -4077,
  code: 'ECONNRESET',
  syscall: 'read'
}
Email queue error: read ECONNRESET
Error: read ECONNRESET
    at TCP.onStreamRead (node:internal/stream_base_commons:217:20) {
  errno: -4077,
  code: 'ECONNRESET',
  syscall: 'read'
}
Email queue error: read ECONNRESET
Error: read ECONNRESET
    at TCP.onStreamRead (node:internal/stream_base_commons:217:20) {
  errno: -4077,
  code: 'ECONNRESET',
  syscall: 'read'
}
Email queue error: read ECONNRESET
Error: read ECONNRESET
    at TCP.onStreamRead (node:internal/stream_base_commons:217:20) {
  errno: -4077,
  code: 'ECONNRESET',
  syscall: 'read'
}
Email queue error: read ECONNRESET
Error: read ECONNRESET
    at TCP.onStreamRead (node:internal/stream_base_commons:217:20) {
  errno: -4077,
  code: 'ECONNRESET',
  syscall: 'read'
}
Email queue error: read ECONNRESET
